

================================================================
== Vivado HLS Report for 'compute_layer_0_0_0_s'
================================================================
* Date:           Thu Mar 26 08:54:16 2020

* Version:        2019.2 (Build 2704478 on Wed Nov 06 22:10:23 MST 2019)
* Project:        myproject_prj
* Solution:       solution1
* Product family: virtexuplus
* Target device:  xcvu9p-fsgd2104-2-i


================================================================
== Performance Estimates
================================================================
+ Timing: 
    * Summary: 
    +--------+---------+----------+------------+
    |  Clock |  Target | Estimated| Uncertainty|
    +--------+---------+----------+------------+
    |ap_clk  | 5.00 ns | 3.965 ns |   0.62 ns  |
    +--------+---------+----------+------------+

+ Latency: 
    * Summary: 
    +---------+---------+----------+----------+-----+-----+----------+
    |  Latency (cycles) |  Latency (absolute) |  Interval | Pipeline |
    |   min   |   max   |    min   |    max   | min | max |   Type   |
    +---------+---------+----------+----------+-----+-----+----------+
    |        1|        1| 5.000 ns | 5.000 ns |    1|    1| function |
    +---------+---------+----------+----------+-----+-----+----------+

    + Detail: 
        * Instance: 
        N/A

        * Loop: 
        N/A



================================================================
== Utilization Estimates
================================================================
* Summary: 
+---------------------+---------+-------+---------+---------+-----+
|         Name        | BRAM_18K| DSP48E|    FF   |   LUT   | URAM|
+---------------------+---------+-------+---------+---------+-----+
|DSP                  |        -|      -|        -|        -|    -|
|Expression           |        -|    275|        0|     7497|    -|
|FIFO                 |        -|      -|        -|        -|    -|
|Instance             |        -|      -|        -|        -|    -|
|Memory               |        -|      -|        -|        -|    -|
|Multiplexer          |        -|      -|        -|      288|    -|
|Register             |        -|      -|      765|        -|    -|
+---------------------+---------+-------+---------+---------+-----+
|Total                |        0|    275|      765|     7785|    0|
+---------------------+---------+-------+---------+---------+-----+
|Available SLR        |     1440|   2280|   788160|   394080|  320|
+---------------------+---------+-------+---------+---------+-----+
|Utilization SLR (%)  |        0|     12|    ~0   |        1|    0|
+---------------------+---------+-------+---------+---------+-----+
|Available            |     4320|   6840|  2364480|  1182240|  960|
+---------------------+---------+-------+---------+---------+-----+
|Utilization (%)      |        0|      4|    ~0   |    ~0   |    0|
+---------------------+---------+-------+---------+---------+-----+

+ Detail: 
    * Instance: 
    N/A

    * DSP48E: 
    N/A

    * Memory: 
    N/A

    * FIFO: 
    N/A

    * Expression: 
    +----------------------------+----------+-------+---+----+------------+------------+
    |        Variable Name       | Operation| DSP48E| FF| LUT| Bitwidth P0| Bitwidth P1|
    +----------------------------+----------+-------+---+----+------------+------------+
    |mul_ln1118_100_fu_878_p2    |     *    |      1|  0|   5|          11|          16|
    |mul_ln1118_101_fu_771_p2    |     *    |      1|  0|   5|          10|          16|
    |mul_ln1118_102_fu_772_p2    |     *    |      1|  0|   5|           9|          16|
    |mul_ln1118_103_fu_773_p2    |     *    |      1|  0|   5|          11|          16|
    |mul_ln1118_104_fu_882_p2    |     *    |      1|  0|   5|          10|          16|
    |mul_ln1118_105_fu_1036_p2   |     *    |      1|  0|   5|           9|          16|
    |mul_ln1118_106_fu_975_p2    |     *    |      1|  0|   5|           6|          16|
    |mul_ln1118_107_fu_1021_p2   |     *    |      1|  0|   5|          10|          16|
    |mul_ln1118_108_fu_977_p2    |     *    |      1|  0|   5|          11|          16|
    |mul_ln1118_109_fu_796_p2    |     *    |      1|  0|   5|           9|          16|
    |mul_ln1118_10_fu_782_p2     |     *    |      1|  0|   5|           9|          16|
    |mul_ln1118_110_fu_888_p2    |     *    |      1|  0|   5|           6|          16|
    |mul_ln1118_111_fu_760_p2    |     *    |      1|  0|   5|           9|          16|
    |mul_ln1118_112_fu_916_p2    |     *    |      1|  0|   5|           9|          16|
    |mul_ln1118_113_fu_762_p2    |     *    |      1|  0|   5|          10|          16|
    |mul_ln1118_114_fu_811_p2    |     *    |      1|  0|   5|           8|          16|
    |mul_ln1118_115_fu_764_p2    |     *    |      1|  0|   5|          10|          16|
    |mul_ln1118_116_fu_765_p2    |     *    |      1|  0|   5|           8|          16|
    |mul_ln1118_117_fu_923_p2    |     *    |      1|  0|   5|           9|          16|
    |mul_ln1118_118_fu_768_p2    |     *    |      1|  0|   5|          10|          16|
    |mul_ln1118_119_fu_816_p2    |     *    |      1|  0|   5|          10|          16|
    |mul_ln1118_11_fu_831_p2     |     *    |      1|  0|   5|           7|          16|
    |mul_ln1118_120_fu_880_p2    |     *    |      1|  0|   5|          10|          16|
    |mul_ln1118_121_fu_955_p2    |     *    |      1|  0|   5|           9|          16|
    |mul_ln1118_122_fu_1010_p2   |     *    |      1|  0|   5|           9|          16|
    |mul_ln1118_123_fu_799_p2    |     *    |      1|  0|   5|           8|          16|
    |mul_ln1118_124_fu_800_p2    |     *    |      1|  0|   5|          10|          16|
    |mul_ln1118_125_fu_908_p2    |     *    |      1|  0|   5|           8|          16|
    |mul_ln1118_126_fu_942_p2    |     *    |      1|  0|   5|          11|          16|
    |mul_ln1118_127_fu_1015_p2   |     *    |      1|  0|   5|           8|          16|
    |mul_ln1118_128_fu_881_p2    |     *    |      1|  0|   5|           8|          16|
    |mul_ln1118_129_fu_1018_p2   |     *    |      1|  0|   5|           8|          16|
    |mul_ln1118_12_fu_892_p2     |     *    |      1|  0|   5|          10|          16|
    |mul_ln1118_130_fu_883_p2    |     *    |      1|  0|   5|          10|          16|
    |mul_ln1118_131_fu_838_p2    |     *    |      1|  0|   5|           9|          16|
    |mul_ln1118_132_fu_931_p2    |     *    |      1|  0|   5|           7|          16|
    |mul_ln1118_133_fu_941_p2    |     *    |      1|  0|   5|          10|          16|
    |mul_ln1118_134_fu_895_p2    |     *    |      1|  0|   5|           9|          16|
    |mul_ln1118_135_fu_775_p2    |     *    |      1|  0|   5|           8|          16|
    |mul_ln1118_136_fu_1003_p2   |     *    |      1|  0|   5|          10|          16|
    |mul_ln1118_137_fu_1050_p2   |     *    |      1|  0|   5|           9|          16|
    |mul_ln1118_138_fu_899_p2    |     *    |      1|  0|   5|           9|          16|
    |mul_ln1118_139_fu_898_p2    |     *    |      1|  0|   5|          10|          16|
    |mul_ln1118_13_fu_893_p2     |     *    |      1|  0|   5|           8|          16|
    |mul_ln1118_140_fu_795_p2    |     *    |      1|  0|   5|          10|          16|
    |mul_ln1118_141_fu_737_p2    |     *    |      1|  0|   5|          10|          16|
    |mul_ln1118_142_fu_934_p2    |     *    |      1|  0|   5|          11|          16|
    |mul_ln1118_143_fu_798_p2    |     *    |      1|  0|   5|           9|          16|
    |mul_ln1118_144_fu_981_p2    |     *    |      1|  0|   5|           9|          16|
    |mul_ln1118_145_fu_1037_p2   |     *    |      1|  0|   5|           8|          16|
    |mul_ln1118_146_fu_826_p2    |     *    |      1|  0|   5|           8|          16|
    |mul_ln1118_147_fu_874_p2    |     *    |      1|  0|   5|           9|          16|
    |mul_ln1118_148_fu_828_p2    |     *    |      1|  0|   5|           7|          16|
    |mul_ln1118_149_fu_876_p2    |     *    |      1|  0|   5|           9|          16|
    |mul_ln1118_14_fu_894_p2     |     *    |      1|  0|   5|           9|          16|
    |mul_ln1118_150_fu_830_p2    |     *    |      1|  0|   5|          10|          16|
    |mul_ln1118_151_fu_1051_p2   |     *    |      1|  0|   5|          10|          16|
    |mul_ln1118_152_fu_817_p2    |     *    |      1|  0|   5|          10|          16|
    |mul_ln1118_153_fu_788_p2    |     *    |      1|  0|   5|          10|          16|
    |mul_ln1118_154_fu_865_p2    |     *    |      1|  0|   5|          10|          16|
    |mul_ln1118_155_fu_820_p2    |     *    |      1|  0|   5|          10|          16|
    |mul_ln1118_156_fu_802_p2    |     *    |      1|  0|   5|           7|          16|
    |mul_ln1118_157_fu_910_p2    |     *    |      1|  0|   5|           9|          16|
    |mul_ln1118_158_fu_970_p2    |     *    |      1|  0|   5|           9|          16|
    |mul_ln1118_159_fu_805_p2    |     *    |      1|  0|   5|           9|          16|
    |mul_ln1118_15_fu_945_p2     |     *    |      1|  0|   5|          11|          16|
    |mul_ln1118_160_fu_972_p2    |     *    |      1|  0|   5|           9|          16|
    |mul_ln1118_161_fu_914_p2    |     *    |      1|  0|   5|          10|          16|
    |mul_ln1118_162_fu_744_p2    |     *    |      1|  0|   5|          10|          16|
    |mul_ln1118_163_fu_930_p2    |     *    |      1|  0|   5|           7|          16|
    |mul_ln1118_164_fu_965_p2    |     *    |      1|  0|   5|          10|          16|
    |mul_ln1118_165_fu_903_p2    |     *    |      1|  0|   5|          10|          16|
    |mul_ln1118_166_fu_978_p2    |     *    |      1|  0|   5|           9|          16|
    |mul_ln1118_167_fu_1004_p2   |     *    |      1|  0|   5|           9|          16|
    |mul_ln1118_168_fu_839_p2    |     *    |      1|  0|   5|           7|          16|
    |mul_ln1118_169_fu_900_p2    |     *    |      1|  0|   5|           9|          16|
    |mul_ln1118_16_fu_854_p2     |     *    |      1|  0|   5|           8|          16|
    |mul_ln1118_170_fu_901_p2    |     *    |      1|  0|   5|           8|          16|
    |mul_ln1118_171_fu_1055_p2   |     *    |      1|  0|   5|           9|          16|
    |mul_ln1118_172_fu_1009_p2   |     *    |      1|  0|   5|           9|          16|
    |mul_ln1118_173_fu_950_p2    |     *    |      1|  0|   5|          10|          16|
    |mul_ln1118_174_fu_905_p2    |     *    |      1|  0|   5|          10|          16|
    |mul_ln1118_175_fu_952_p2    |     *    |      1|  0|   5|           8|          16|
    |mul_ln1118_176_fu_1034_p2   |     *    |      1|  0|   5|           8|          16|
    |mul_ln1118_177_fu_787_p2    |     *    |      1|  0|   5|           9|          16|
    |mul_ln1118_178_fu_1027_p2   |     *    |      1|  0|   5|          10|          16|
    |mul_ln1118_179_fu_889_p2    |     *    |      1|  0|   5|          11|          16|
    |mul_ln1118_17_fu_913_p2     |     *    |      1|  0|   5|           7|          16|
    |mul_ln1118_180_fu_890_p2    |     *    |      1|  0|   5|          11|          16|
    |mul_ln1118_181_fu_891_p2    |     *    |      1|  0|   5|          10|          16|
    |mul_ln1118_182_fu_1044_p2   |     *    |      1|  0|   5|          10|          16|
    |mul_ln1118_183_fu_999_p2    |     *    |      1|  0|   5|          10|          16|
    |mul_ln1118_184_fu_1016_p2   |     *    |      1|  0|   5|           8|          16|
    |mul_ln1118_185_fu_835_p2    |     *    |      1|  0|   5|           8|          16|
    |mul_ln1118_186_fu_743_p2    |     *    |      1|  0|   5|           8|          16|
    |mul_ln1118_187_fu_974_p2    |     *    |      1|  0|   5|          10|          16|
    |mul_ln1118_188_fu_1020_p2   |     *    |      1|  0|   5|           9|          16|
    |mul_ln1118_189_fu_885_p2    |     *    |      1|  0|   5|          10|          16|
    |mul_ln1118_18_fu_868_p2     |     *    |      1|  0|   5|           9|          16|
    |mul_ln1118_190_fu_819_p2    |     *    |      1|  0|   5|          10|          16|
    |mul_ln1118_191_fu_867_p2    |     *    |      1|  0|   5|           9|          16|
    |mul_ln1118_192_fu_821_p2    |     *    |      1|  0|   5|           9|          16|
    |mul_ln1118_193_fu_761_p2    |     *    |      1|  0|   5|          10|          16|
    |mul_ln1118_194_fu_823_p2    |     *    |      1|  0|   5|           9|          16|
    |mul_ln1118_195_fu_824_p2    |     *    |      1|  0|   5|           8|          16|
    |mul_ln1118_196_fu_948_p2    |     *    |      1|  0|   5|           9|          16|
    |mul_ln1118_197_fu_994_p2    |     *    |      1|  0|   5|           9|          16|
    |mul_ln1118_198_fu_813_p2    |     *    |      1|  0|   5|          10|          16|
    |mul_ln1118_199_fu_996_p2    |     *    |      1|  0|   5|           8|          16|
    |mul_ln1118_19_fu_1005_p2    |     *    |      1|  0|   5|          11|          16|
    |mul_ln1118_1_fu_962_p2      |     *    |      1|  0|   5|           7|          16|
    |mul_ln1118_200_fu_785_p2    |     *    |      1|  0|   5|           7|          16|
    |mul_ln1118_201_fu_829_p2    |     *    |      1|  0|   5|           8|          16|
    |mul_ln1118_202_fu_963_p2    |     *    |      1|  0|   5|          10|          16|
    |mul_ln1118_203_fu_750_p2    |     *    |      1|  0|   5|          10|          16|
    |mul_ln1118_204_fu_919_p2    |     *    |      1|  0|   5|          10|          16|
    |mul_ln1118_205_fu_1012_p2   |     *    |      1|  0|   5|           9|          16|
    |mul_ln1118_206_fu_1041_p2   |     *    |      1|  0|   5|           8|          16|
    |mul_ln1118_207_fu_907_p2    |     *    |      1|  0|   5|          10|          16|
    |mul_ln1118_208_fu_998_p2    |     *    |      1|  0|   5|           9|          16|
    |mul_ln1118_209_fu_954_p2    |     *    |      1|  0|   5|          10|          16|
    |mul_ln1118_20_fu_979_p2     |     *    |      1|  0|   5|           9|          16|
    |mul_ln1118_210_fu_1045_p2   |     *    |      1|  0|   5|           8|          16|
    |mul_ln1118_211_fu_1046_p2   |     *    |      1|  0|   5|          10|          16|
    |mul_ln1118_212_fu_866_p2    |     *    |      1|  0|   5|          10|          16|
    |mul_ln1118_213_fu_846_p2    |     *    |      1|  0|   5|          10|          16|
    |mul_ln1118_214_fu_739_p2    |     *    |      1|  0|   5|          10|          16|
    |mul_ln1118_215_fu_848_p2    |     *    |      1|  0|   5|          10|          16|
    |mul_ln1118_216_fu_849_p2    |     *    |      1|  0|   5|           9|          16|
    |mul_ln1118_217_fu_957_p2    |     *    |      1|  0|   5|           8|          16|
    |mul_ln1118_218_fu_789_p2    |     *    |      1|  0|   5|           8|          16|
    |mul_ln1118_219_fu_837_p2    |     *    |      1|  0|   5|           8|          16|
    |mul_ln1118_21_fu_1032_p2    |     *    |      1|  0|   5|           8|          16|
    |mul_ln1118_220_fu_745_p2    |     *    |      1|  0|   5|          10|          16|
    |mul_ln1118_221_fu_976_p2    |     *    |      1|  0|   5|          10|          16|
    |mul_ln1118_222_fu_840_p2    |     *    |      1|  0|   5|           6|          16|
    |mul_ln1118_223_fu_749_p2    |     *    |      1|  0|   5|           9|          16|
    |mul_ln1118_224_fu_989_p2    |     *    |      1|  0|   5|          10|          16|
    |mul_ln1118_225_fu_990_p2    |     *    |      1|  0|   5|          12|          16|
    |mul_ln1118_226_fu_777_p2    |     *    |      1|  0|   5|          11|          16|
    |mul_ln1118_227_fu_992_p2    |     *    |      1|  0|   5|          12|          16|
    |mul_ln1118_228_fu_779_p2    |     *    |      1|  0|   5|          11|          16|
    |mul_ln1118_229_fu_780_p2    |     *    |      1|  0|   5|           9|          16|
    |mul_ln1118_22_fu_928_p2     |     *    |      1|  0|   5|          10|          16|
    |mul_ln1118_230_fu_766_p2    |     *    |      1|  0|   5|           7|          16|
    |mul_ln1118_231_fu_814_p2    |     *    |      1|  0|   5|          10|          16|
    |mul_ln1118_232_fu_1014_p2   |     *    |      1|  0|   5|           7|          16|
    |mul_ln1118_233_fu_953_p2    |     *    |      1|  0|   5|          10|          16|
    |mul_ln1118_234_fu_904_p2    |     *    |      1|  0|   5|           9|          16|
    |mul_ln1118_235_fu_920_p2    |     *    |      1|  0|   5|          10|          16|
    |mul_ln1118_236_fu_921_p2    |     *    |      1|  0|   5|           9|          16|
    |mul_ln1118_237_fu_862_p2    |     *    |      1|  0|   5|          10|          16|
    |mul_ln1118_238_fu_1028_p2   |     *    |      1|  0|   5|          11|          16|
    |mul_ln1118_239_fu_1029_p2   |     *    |      1|  0|   5|          11|          16|
    |mul_ln1118_23_fu_929_p2     |     *    |      1|  0|   5|           9|          16|
    |mul_ln1118_240_fu_925_p2    |     *    |      1|  0|   5|           9|          16|
    |mul_ln1118_241_fu_834_p2    |     *    |      1|  0|   5|          10|          16|
    |mul_ln1118_242_fu_927_p2    |     *    |      1|  0|   5|           9|          16|
    |mul_ln1118_243_fu_973_p2    |     *    |      1|  0|   5|          12|          16|
    |mul_ln1118_244_fu_790_p2    |     *    |      1|  0|   5|          10|          16|
    |mul_ln1118_245_fu_855_p2    |     *    |      1|  0|   5|          11|          16|
    |mul_ln1118_246_fu_748_p2    |     *    |      1|  0|   5|           7|          16|
    |mul_ln1118_247_fu_794_p2    |     *    |      1|  0|   5|           9|          16|
    |mul_ln1118_248_fu_804_p2    |     *    |      1|  0|   5|           8|          16|
    |mul_ln1118_249_fu_1006_p2   |     *    |      1|  0|   5|          10|          16|
    |mul_ln1118_24_fu_870_p2     |     *    |      1|  0|   5|           9|          16|
    |mul_ln1118_250_fu_852_p2    |     *    |      1|  0|   5|          11|          16|
    |mul_ln1118_251_fu_960_p2    |     *    |      1|  0|   5|          10|          16|
    |mul_ln1118_252_fu_915_p2    |     *    |      1|  0|   5|          11|          16|
    |mul_ln1118_253_fu_810_p2    |     *    |      1|  0|   5|          10|          16|
    |mul_ln1118_254_fu_993_p2    |     *    |      1|  0|   5|          12|          16|
    |mul_ln1118_255_fu_949_p2    |     *    |      1|  0|   5|           9|          16|
    |mul_ln1118_256_fu_858_p2    |     *    |      1|  0|   5|           8|          16|
    |mul_ln1118_257_fu_951_p2    |     *    |      1|  0|   5|          10|          16|
    |mul_ln1118_258_fu_860_p2    |     *    |      1|  0|   5|          10|          16|
    |mul_ln1118_259_fu_947_p2    |     *    |      1|  0|   5|          10|          16|
    |mul_ln1118_25_fu_763_p2     |     *    |      1|  0|   5|          10|          16|
    |mul_ln1118_260_fu_935_p2    |     *    |      1|  0|   5|          10|          16|
    |mul_ln1118_261_fu_791_p2    |     *    |      1|  0|   5|           8|          16|
    |mul_ln1118_262_fu_936_p2    |     *    |      1|  0|   5|          10|          16|
    |mul_ln1118_263_fu_843_p2    |     *    |      1|  0|   5|           9|          16|
    |mul_ln1118_264_fu_844_p2    |     *    |      1|  0|   5|          10|          16|
    |mul_ln1118_265_fu_877_p2    |     *    |      1|  0|   5|           9|          16|
    |mul_ln1118_266_fu_969_p2    |     *    |      1|  0|   5|          10|          16|
    |mul_ln1118_267_fu_786_p2    |     *    |      1|  0|   5|          10|          16|
    |mul_ln1118_268_fu_971_p2    |     *    |      1|  0|   5|          10|          16|
    |mul_ln1118_269_fu_906_p2    |     *    |      1|  0|   5|           6|          16|
    |mul_ln1118_26_fu_825_p2     |     *    |      1|  0|   5|           8|          16|
    |mul_ln1118_270_fu_792_p2    |     *    |      1|  0|   5|           7|          16|
    |mul_ln1118_271_fu_861_p2    |     *    |      1|  0|   5|           6|          16|
    |mul_ln1118_272_fu_1017_p2   |     *    |      1|  0|   5|           8|          16|
    |mul_ln1118_273_fu_836_p2    |     *    |      1|  0|   5|           9|          16|
    |mul_ln1118_274_fu_1053_p2   |     *    |      1|  0|   5|           6|          16|
    |mul_ln1118_27_fu_1023_p2    |     *    |      1|  0|   5|           7|          16|
    |mul_ln1118_28_fu_1024_p2    |     *    |      1|  0|   5|           8|          16|
    |mul_ln1118_29_fu_751_p2     |     *    |      1|  0|   5|           6|          16|
    |mul_ln1118_2_fu_856_p2      |     *    |      1|  0|   5|          10|          16|
    |mul_ln1118_30_fu_879_p2     |     *    |      1|  0|   5|           5|          16|
    |mul_ln1118_31_fu_937_p2     |     *    |      1|  0|   5|           9|          16|
    |mul_ln1118_32_fu_736_p2     |     *    |      1|  0|   5|           8|          16|
    |mul_ln1118_33_fu_964_p2     |     *    |      1|  0|   5|          10|          16|
    |mul_ln1118_34_fu_1011_p2    |     *    |      1|  0|   5|          10|          16|
    |mul_ln1118_35_fu_752_p2     |     *    |      1|  0|   5|           8|          16|
    |mul_ln1118_36_fu_753_p2     |     *    |      1|  0|   5|           8|          16|
    |mul_ln1118_37_fu_754_p2     |     *    |      1|  0|   5|          10|          16|
    |mul_ln1118_38_fu_926_p2     |     *    |      1|  0|   5|           7|          16|
    |mul_ln1118_39_fu_864_p2     |     *    |      1|  0|   5|          10|          16|
    |mul_ln1118_3_fu_857_p2      |     *    |      1|  0|   5|           6|          16|
    |mul_ln1118_40_fu_1001_p2    |     *    |      1|  0|   5|           9|          16|
    |mul_ln1118_41_fu_1002_p2    |     *    |      1|  0|   5|           8|          16|
    |mul_ln1118_42_fu_958_p2     |     *    |      1|  0|   5|           9|          16|
    |mul_ln1118_43_fu_902_p2     |     *    |      1|  0|   5|           8|          16|
    |mul_ln1118_44_fu_987_p2     |     *    |      1|  0|   5|          10|          16|
    |mul_ln1118_45_fu_740_p2     |     *    |      1|  0|   5|           7|          16|
    |mul_ln1118_46_fu_896_p2     |     *    |      1|  0|   5|          10|          16|
    |mul_ln1118_47_fu_850_p2     |     *    |      1|  0|   5|           8|          16|
    |mul_ln1118_48_fu_851_p2     |     *    |      1|  0|   5|          10|          16|
    |mul_ln1118_49_fu_793_p2     |     *    |      1|  0|   5|          11|          16|
    |mul_ln1118_4_fu_1025_p2     |     *    |      1|  0|   5|           9|          16|
    |mul_ln1118_50_fu_746_p2     |     *    |      1|  0|   5|          10|          16|
    |mul_ln1118_51_fu_932_p2     |     *    |      1|  0|   5|           8|          16|
    |mul_ln1118_52_fu_933_p2     |     *    |      1|  0|   5|          12|          16|
    |mul_ln1118_53_fu_797_p2     |     *    |      1|  0|   5|          11|          16|
    |mul_ln1118_54_fu_1035_p2    |     *    |      1|  0|   5|          12|          16|
    |mul_ln1118_55_fu_884_p2     |     *    |      1|  0|   5|           8|          16|
    |mul_ln1118_56_fu_991_p2     |     *    |      1|  0|   5|          10|          16|
    |mul_ln1118_57_fu_886_p2     |     *    |      1|  0|   5|          10|          16|
    |mul_ln1118_58_fu_1039_p2    |     *    |      1|  0|   5|          10|          16|
    |mul_ln1118_59_fu_1040_p2    |     *    |      1|  0|   5|          10|          16|
    |mul_ln1118_5_fu_1026_p2     |     *    |      1|  0|   5|           8|          16|
    |mul_ln1118_60_fu_859_p2     |     *    |      1|  0|   5|           5|          16|
    |mul_ln1118_61_fu_815_p2     |     *    |      1|  0|   5|          12|          16|
    |mul_ln1118_62_fu_769_p2     |     *    |      1|  0|   5|          10|          16|
    |mul_ln1118_63_fu_909_p2     |     *    |      1|  0|   5|          11|          16|
    |mul_ln1118_64_fu_742_p2     |     *    |      1|  0|   5|           9|          16|
    |mul_ln1118_65_fu_1019_p2    |     *    |      1|  0|   5|          10|          16|
    |mul_ln1118_66_fu_980_p2     |     *    |      1|  0|   5|          10|          16|
    |mul_ln1118_67_fu_767_p2     |     *    |      1|  0|   5|           9|          16|
    |mul_ln1118_68_fu_982_p2     |     *    |      1|  0|   5|          10|          16|
    |mul_ln1118_69_fu_924_p2     |     *    |      1|  0|   5|           8|          16|
    |mul_ln1118_6_fu_741_p2      |     *    |      1|  0|   5|           8|          16|
    |mul_ln1118_70_fu_770_p2     |     *    |      1|  0|   5|          11|          16|
    |mul_ln1118_71_fu_1000_p2    |     *    |      1|  0|   5|           9|          16|
    |mul_ln1118_72_fu_956_p2     |     *    |      1|  0|   5|          10|          16|
    |mul_ln1118_73_fu_1047_p2    |     *    |      1|  0|   5|           9|          16|
    |mul_ln1118_74_fu_1048_p2    |     *    |      1|  0|   5|           9|          16|
    |mul_ln1118_75_fu_822_p2     |     *    |      1|  0|   5|          10|          16|
    |mul_ln1118_76_fu_869_p2     |     *    |      1|  0|   5|          11|          16|
    |mul_ln1118_77_fu_897_p2     |     *    |      1|  0|   5|          10|          16|
    |mul_ln1118_78_fu_827_p2     |     *    |      1|  0|   5|           9|          16|
    |mul_ln1118_79_fu_806_p2     |     *    |      1|  0|   5|           9|          16|
    |mul_ln1118_7_fu_983_p2      |     *    |      1|  0|   5|           7|          16|
    |mul_ln1118_80_fu_853_p2     |     *    |      1|  0|   5|           9|          16|
    |mul_ln1118_81_fu_808_p2     |     *    |      1|  0|   5|           9|          16|
    |mul_ln1118_82_fu_747_p2     |     *    |      1|  0|   5|          11|          16|
    |mul_ln1118_83_fu_1022_p2    |     *    |      1|  0|   5|          11|          16|
    |mul_ln1118_84_fu_887_p2     |     *    |      1|  0|   5|           7|          16|
    |mul_ln1118_85_fu_842_p2     |     *    |      1|  0|   5|           9|          16|
    |mul_ln1118_86_fu_807_p2     |     *    |      1|  0|   5|           9|          16|
    |mul_ln1118_87_fu_833_p2     |     *    |      1|  0|   5|          10|          16|
    |mul_ln1118_88_fu_1052_p2    |     *    |      1|  0|   5|           9|          16|
    |mul_ln1118_89_fu_841_p2     |     *    |      1|  0|   5|           8|          16|
    |mul_ln1118_8_fu_847_p2      |     *    |      1|  0|   5|           8|          16|
    |mul_ln1118_90_fu_781_p2     |     *    |      1|  0|   5|           8|          16|
    |mul_ln1118_91_fu_1042_p2    |     *    |      1|  0|   5|          10|          16|
    |mul_ln1118_92_fu_997_p2     |     *    |      1|  0|   5|           5|          16|
    |mul_ln1118_93_fu_845_p2     |     *    |      1|  0|   5|          11|          16|
    |mul_ln1118_94_fu_1043_p2    |     *    |      1|  0|   5|          11|          16|
    |mul_ln1118_95_fu_863_p2     |     *    |      1|  0|   5|           9|          16|
    |mul_ln1118_96_fu_818_p2     |     *    |      1|  0|   5|           9|          16|
    |mul_ln1118_97_fu_911_p2     |     *    |      1|  0|   5|           9|          16|
    |mul_ln1118_98_fu_912_p2     |     *    |      1|  0|   5|           9|          16|
    |mul_ln1118_99_fu_774_p2     |     *    |      1|  0|   5|          11|          16|
    |mul_ln1118_9_fu_995_p2      |     *    |      1|  0|   5|           5|          16|
    |mul_ln1118_fu_961_p2        |     *    |      1|  0|   5|           9|          16|
    |add_ln1118_1_fu_348936_p2   |     +    |      0|  0|  25|          25|          25|
    |add_ln1118_2_fu_349785_p2   |     +    |      0|  0|  21|          21|          21|
    |add_ln1118_3_fu_350604_p2   |     +    |      0|  0|  24|          24|          24|
    |add_ln1118_4_fu_351405_p2   |     +    |      0|  0|  19|          19|          19|
    |add_ln1118_5_fu_351492_p2   |     +    |      0|  0|  24|          24|          24|
    |add_ln1118_6_fu_352179_p2   |     +    |      0|  0|  20|          20|          20|
    |add_ln1118_7_fu_352318_p2   |     +    |      0|  0|  26|          26|          26|
    |add_ln1118_8_fu_352637_p2   |     +    |      0|  0|  20|          20|          20|
    |add_ln1118_9_fu_352884_p2   |     +    |      0|  0|  26|          26|          26|
    |add_ln1118_fu_348821_p2     |     +    |      0|  0|  22|          22|          22|
    |add_ln703_100_fu_354278_p2  |     +    |      0|  0|  13|          13|          13|
    |add_ln703_101_fu_354288_p2  |     +    |      0|  0|  16|          16|          16|
    |add_ln703_102_fu_354294_p2  |     +    |      0|  0|  16|          16|          16|
    |add_ln703_103_fu_354300_p2  |     +    |      0|  0|  16|          16|          16|
    |add_ln703_104_fu_354306_p2  |     +    |      0|  0|  16|          16|          16|
    |add_ln703_105_fu_354312_p2  |     +    |      0|  0|  16|           9|          16|
    |add_ln703_106_fu_354318_p2  |     +    |      0|  0|  16|          16|          16|
    |add_ln703_107_fu_354324_p2  |     +    |      0|  0|  16|          16|          16|
    |add_ln703_108_fu_354330_p2  |     +    |      0|  0|  16|          16|          16|
    |add_ln703_109_fu_354336_p2  |     +    |      0|  0|  16|          16|          16|
    |add_ln703_10_fu_353714_p2   |     +    |      0|  0|  16|          16|          16|
    |add_ln703_110_fu_354342_p2  |     +    |      0|  0|  16|          16|          16|
    |add_ln703_111_fu_354348_p2  |     +    |      0|  0|  16|          16|          16|
    |add_ln703_112_fu_354354_p2  |     +    |      0|  0|  16|          16|          16|
    |add_ln703_113_fu_354360_p2  |     +    |      0|  0|  16|          16|          16|
    |add_ln703_114_fu_354366_p2  |     +    |      0|  0|  16|          16|          16|
    |add_ln703_115_fu_354372_p2  |     +    |      0|  0|  16|           9|          16|
    |add_ln703_116_fu_354378_p2  |     +    |      0|  0|  16|          16|          16|
    |add_ln703_117_fu_354384_p2  |     +    |      0|  0|  16|          16|          16|
    |add_ln703_118_fu_354390_p2  |     +    |      0|  0|  16|          16|          16|
    |add_ln703_119_fu_354396_p2  |     +    |      0|  0|  16|          16|          16|
    |add_ln703_11_fu_353720_p2   |     +    |      0|  0|  16|          16|          16|
    |add_ln703_120_fu_354402_p2  |     +    |      0|  0|  16|          16|          16|
    |add_ln703_121_fu_354408_p2  |     +    |      0|  0|  16|          16|          16|
    |add_ln703_122_fu_354414_p2  |     +    |      0|  0|  16|          16|          16|
    |add_ln703_123_fu_354420_p2  |     +    |      0|  0|  16|          16|          16|
    |add_ln703_124_fu_354426_p2  |     +    |      0|  0|  16|          16|          16|
    |add_ln703_125_fu_354432_p2  |     +    |      0|  0|  16|           8|          16|
    |add_ln703_126_fu_354438_p2  |     +    |      0|  0|  16|          16|          16|
    |add_ln703_127_fu_354444_p2  |     +    |      0|  0|  16|          16|          16|
    |add_ln703_128_fu_354450_p2  |     +    |      0|  0|  16|          16|          16|
    |add_ln703_129_fu_354456_p2  |     +    |      0|  0|  16|          16|          16|
    |add_ln703_12_fu_353726_p2   |     +    |      0|  0|  16|          16|          16|
    |add_ln703_130_fu_354462_p2  |     +    |      0|  0|  16|          16|          16|
    |add_ln703_131_fu_354468_p2  |     +    |      0|  0|  16|          16|          16|
    |add_ln703_132_fu_354474_p2  |     +    |      0|  0|  16|          16|          16|
    |add_ln703_133_fu_354480_p2  |     +    |      0|  0|  15|          15|          15|
    |add_ln703_134_fu_354490_p2  |     +    |      0|  0|  16|          16|          16|
    |add_ln703_135_fu_354496_p2  |     +    |      0|  0|  16|          10|          16|
    |add_ln703_136_fu_354502_p2  |     +    |      0|  0|  16|          16|          16|
    |add_ln703_137_fu_354508_p2  |     +    |      0|  0|  16|          16|          16|
    |add_ln703_138_fu_354514_p2  |     +    |      0|  0|  16|          16|          16|
    |add_ln703_139_fu_354520_p2  |     +    |      0|  0|  16|          16|          16|
    |add_ln703_13_fu_353732_p2   |     +    |      0|  0|  16|          16|          16|
    |add_ln703_140_fu_354526_p2  |     +    |      0|  0|  16|          16|          16|
    |add_ln703_141_fu_354532_p2  |     +    |      0|  0|  16|          16|          16|
    |add_ln703_142_fu_354538_p2  |     +    |      0|  0|  16|          16|          16|
    |add_ln703_143_fu_354544_p2  |     +    |      0|  0|  16|          16|          16|
    |add_ln703_144_fu_354550_p2  |     +    |      0|  0|  16|          16|          16|
    |add_ln703_145_fu_354556_p2  |     +    |      0|  0|  16|          10|          16|
    |add_ln703_146_fu_354562_p2  |     +    |      0|  0|  16|          16|          16|
    |add_ln703_147_fu_354568_p2  |     +    |      0|  0|  16|          16|          16|
    |add_ln703_148_fu_354574_p2  |     +    |      0|  0|  16|          16|          16|
    |add_ln703_149_fu_354580_p2  |     +    |      0|  0|  16|          16|          16|
    |add_ln703_14_fu_353738_p2   |     +    |      0|  0|  16|          16|          16|
    |add_ln703_150_fu_354586_p2  |     +    |      0|  0|  16|          16|          16|
    |add_ln703_151_fu_354592_p2  |     +    |      0|  0|  16|          16|          16|
    |add_ln703_152_fu_354598_p2  |     +    |      0|  0|  16|          16|          16|
    |add_ln703_153_fu_354604_p2  |     +    |      0|  0|  16|          16|          16|
    |add_ln703_154_fu_354610_p2  |     +    |      0|  0|  16|          16|          16|
    |add_ln703_155_fu_354616_p2  |     +    |      0|  0|  16|           7|          16|
    |add_ln703_156_fu_354622_p2  |     +    |      0|  0|  16|          16|          16|
    |add_ln703_157_fu_354628_p2  |     +    |      0|  0|  16|          16|          16|
    |add_ln703_158_fu_354634_p2  |     +    |      0|  0|  16|          16|          16|
    |add_ln703_159_fu_354640_p2  |     +    |      0|  0|  14|          14|          14|
    |add_ln703_15_fu_353744_p2   |     +    |      0|  0|  16|          16|          16|
    |add_ln703_160_fu_354650_p2  |     +    |      0|  0|  16|          16|          16|
    |add_ln703_161_fu_354656_p2  |     +    |      0|  0|  16|          16|          16|
    |add_ln703_162_fu_354662_p2  |     +    |      0|  0|  16|          16|          16|
    |add_ln703_163_fu_354668_p2  |     +    |      0|  0|  16|          16|          16|
    |add_ln703_164_fu_354674_p2  |     +    |      0|  0|  16|          16|          16|
    |add_ln703_165_fu_354680_p2  |     +    |      0|  0|  16|           8|          16|
    |add_ln703_166_fu_354686_p2  |     +    |      0|  0|  16|          16|          16|
    |add_ln703_167_fu_354692_p2  |     +    |      0|  0|  16|          16|          16|
    |add_ln703_168_fu_354698_p2  |     +    |      0|  0|  16|          16|          16|
    |add_ln703_169_fu_354704_p2  |     +    |      0|  0|  16|          16|          16|
    |add_ln703_16_fu_353750_p2   |     +    |      0|  0|  16|          10|          16|
    |add_ln703_170_fu_354710_p2  |     +    |      0|  0|  16|          16|          16|
    |add_ln703_171_fu_354716_p2  |     +    |      0|  0|  16|          16|          16|
    |add_ln703_172_fu_354722_p2  |     +    |      0|  0|  16|          16|          16|
    |add_ln703_173_fu_354728_p2  |     +    |      0|  0|  16|          16|          16|
    |add_ln703_174_fu_354734_p2  |     +    |      0|  0|  16|          16|          16|
    |add_ln703_175_fu_354740_p2  |     +    |      0|  0|  16|          11|          16|
    |add_ln703_176_fu_354746_p2  |     +    |      0|  0|  16|          16|          16|
    |add_ln703_177_fu_354752_p2  |     +    |      0|  0|  16|          16|          16|
    |add_ln703_178_fu_354758_p2  |     +    |      0|  0|  16|          16|          16|
    |add_ln703_179_fu_354764_p2  |     +    |      0|  0|  16|          16|          16|
    |add_ln703_17_fu_353756_p2   |     +    |      0|  0|  16|          16|          16|
    |add_ln703_180_fu_354770_p2  |     +    |      0|  0|  16|          16|          16|
    |add_ln703_181_fu_354776_p2  |     +    |      0|  0|  16|          16|          16|
    |add_ln703_182_fu_354782_p2  |     +    |      0|  0|  16|          16|          16|
    |add_ln703_183_fu_354788_p2  |     +    |      0|  0|  16|          16|          16|
    |add_ln703_184_fu_354794_p2  |     +    |      0|  0|  16|          16|          16|
    |add_ln703_185_fu_354800_p2  |     +    |      0|  0|  15|           9|          15|
    |add_ln703_186_fu_354810_p2  |     +    |      0|  0|  16|          16|          16|
    |add_ln703_187_fu_354816_p2  |     +    |      0|  0|  16|          16|          16|
    |add_ln703_188_fu_354822_p2  |     +    |      0|  0|  16|          16|          16|
    |add_ln703_189_fu_354828_p2  |     +    |      0|  0|  16|          16|          16|
    |add_ln703_18_fu_353762_p2   |     +    |      0|  0|  16|          16|          16|
    |add_ln703_190_fu_354834_p2  |     +    |      0|  0|  16|          16|          16|
    |add_ln703_191_fu_354840_p2  |     +    |      0|  0|  16|          16|          16|
    |add_ln703_192_fu_354846_p2  |     +    |      0|  0|  16|          16|          16|
    |add_ln703_193_fu_354852_p2  |     +    |      0|  0|  16|          16|          16|
    |add_ln703_194_fu_354858_p2  |     +    |      0|  0|  16|          16|          16|
    |add_ln703_195_fu_354864_p2  |     +    |      0|  0|  16|           9|          16|
    |add_ln703_196_fu_354870_p2  |     +    |      0|  0|  16|          16|          16|
    |add_ln703_197_fu_354876_p2  |     +    |      0|  0|  16|          16|          16|
    |add_ln703_198_fu_354882_p2  |     +    |      0|  0|  16|          16|          16|
    |add_ln703_199_fu_354888_p2  |     +    |      0|  0|  16|          16|          16|
    |add_ln703_19_fu_353768_p2   |     +    |      0|  0|  16|          16|          16|
    |add_ln703_1_fu_353660_p2    |     +    |      0|  0|  16|          16|          16|
    |add_ln703_200_fu_354894_p2  |     +    |      0|  0|  16|          16|          16|
    |add_ln703_201_fu_354900_p2  |     +    |      0|  0|  16|          16|          16|
    |add_ln703_202_fu_354906_p2  |     +    |      0|  0|  16|          16|          16|
    |add_ln703_203_fu_354912_p2  |     +    |      0|  0|  16|          16|          16|
    |add_ln703_204_fu_354918_p2  |     +    |      0|  0|  16|          16|          16|
    |add_ln703_205_fu_354924_p2  |     +    |      0|  0|  14|           7|          14|
    |add_ln703_206_fu_354934_p2  |     +    |      0|  0|  16|          16|          16|
    |add_ln703_207_fu_354940_p2  |     +    |      0|  0|  16|          16|          16|
    |add_ln703_208_fu_354946_p2  |     +    |      0|  0|  16|          16|          16|
    |add_ln703_209_fu_354952_p2  |     +    |      0|  0|  16|          16|          16|
    |add_ln703_20_fu_353774_p2   |     +    |      0|  0|  15|          15|          15|
    |add_ln703_210_fu_354958_p2  |     +    |      0|  0|  16|          16|          16|
    |add_ln703_211_fu_354964_p2  |     +    |      0|  0|  16|          16|          16|
    |add_ln703_212_fu_354970_p2  |     +    |      0|  0|  16|          16|          16|
    |add_ln703_213_fu_354976_p2  |     +    |      0|  0|  16|          16|          16|
    |add_ln703_214_fu_354982_p2  |     +    |      0|  0|  16|          16|          16|
    |add_ln703_215_fu_354988_p2  |     +    |      0|  0|  16|           9|          16|
    |add_ln703_216_fu_354994_p2  |     +    |      0|  0|  16|          16|          16|
    |add_ln703_217_fu_355000_p2  |     +    |      0|  0|  16|          16|          16|
    |add_ln703_218_fu_355006_p2  |     +    |      0|  0|  16|          16|          16|
    |add_ln703_219_fu_355012_p2  |     +    |      0|  0|  16|          16|          16|
    |add_ln703_21_fu_353784_p2   |     +    |      0|  0|  16|          16|          16|
    |add_ln703_220_fu_355018_p2  |     +    |      0|  0|  16|          16|          16|
    |add_ln703_221_fu_355024_p2  |     +    |      0|  0|  16|          16|          16|
    |add_ln703_222_fu_355030_p2  |     +    |      0|  0|  16|          16|          16|
    |add_ln703_223_fu_355036_p2  |     +    |      0|  0|  16|          16|          16|
    |add_ln703_224_fu_355042_p2  |     +    |      0|  0|  16|          16|          16|
    |add_ln703_225_fu_355048_p2  |     +    |      0|  0|  16|           6|          16|
    |add_ln703_226_fu_355054_p2  |     +    |      0|  0|  16|          16|          16|
    |add_ln703_227_fu_355060_p2  |     +    |      0|  0|  16|          16|          16|
    |add_ln703_228_fu_355066_p2  |     +    |      0|  0|  16|          16|          16|
    |add_ln703_229_fu_355072_p2  |     +    |      0|  0|  16|          16|          16|
    |add_ln703_22_fu_353790_p2   |     +    |      0|  0|  16|          16|          16|
    |add_ln703_230_fu_355078_p2  |     +    |      0|  0|  16|          16|          16|
    |add_ln703_231_fu_355084_p2  |     +    |      0|  0|  16|          16|          16|
    |add_ln703_232_fu_355090_p2  |     +    |      0|  0|  16|          16|          16|
    |add_ln703_233_fu_355096_p2  |     +    |      0|  0|  16|          16|          16|
    |add_ln703_234_fu_355102_p2  |     +    |      0|  0|  16|          16|          16|
    |add_ln703_235_fu_355108_p2  |     +    |      0|  0|  16|          10|          16|
    |add_ln703_236_fu_355114_p2  |     +    |      0|  0|  16|          16|          16|
    |add_ln703_237_fu_355120_p2  |     +    |      0|  0|  16|          16|          16|
    |add_ln703_238_fu_355126_p2  |     +    |      0|  0|  16|          16|          16|
    |add_ln703_239_fu_355132_p2  |     +    |      0|  0|  16|          16|          16|
    |add_ln703_23_fu_353796_p2   |     +    |      0|  0|  16|          16|          16|
    |add_ln703_240_fu_355138_p2  |     +    |      0|  0|  16|          16|          16|
    |add_ln703_241_fu_355144_p2  |     +    |      0|  0|  16|          16|          16|
    |add_ln703_242_fu_355150_p2  |     +    |      0|  0|  16|          16|          16|
    |add_ln703_243_fu_355156_p2  |     +    |      0|  0|  16|          16|          16|
    |add_ln703_244_fu_355162_p2  |     +    |      0|  0|  16|          16|          16|
    |add_ln703_245_fu_355168_p2  |     +    |      0|  0|  16|          10|          16|
    |add_ln703_246_fu_355174_p2  |     +    |      0|  0|  16|          16|          16|
    |add_ln703_247_fu_355180_p2  |     +    |      0|  0|  16|          16|          16|
    |add_ln703_248_fu_355186_p2  |     +    |      0|  0|  16|          16|          16|
    |add_ln703_249_fu_355192_p2  |     +    |      0|  0|  16|          16|          16|
    |add_ln703_24_fu_353802_p2   |     +    |      0|  0|  16|          16|          16|
    |add_ln703_250_fu_355198_p2  |     +    |      0|  0|  16|          16|          16|
    |add_ln703_251_fu_355204_p2  |     +    |      0|  0|  16|          16|          16|
    |add_ln703_252_fu_355210_p2  |     +    |      0|  0|  16|          16|          16|
    |add_ln703_253_fu_355216_p2  |     +    |      0|  0|  16|          16|          16|
    |add_ln703_254_fu_355222_p2  |     +    |      0|  0|  16|          16|          16|
    |add_ln703_255_fu_355228_p2  |     +    |      0|  0|  16|           4|          16|
    |add_ln703_256_fu_355234_p2  |     +    |      0|  0|  16|          16|          16|
    |add_ln703_257_fu_355240_p2  |     +    |      0|  0|  16|          16|          16|
    |add_ln703_258_fu_355246_p2  |     +    |      0|  0|  16|          16|          16|
    |add_ln703_259_fu_355252_p2  |     +    |      0|  0|  16|          16|          16|
    |add_ln703_25_fu_353808_p2   |     +    |      0|  0|  16|          16|          16|
    |add_ln703_260_fu_355258_p2  |     +    |      0|  0|  16|          16|          16|
    |add_ln703_261_fu_355264_p2  |     +    |      0|  0|  16|          16|          16|
    |add_ln703_262_fu_355270_p2  |     +    |      0|  0|  16|          16|          16|
    |add_ln703_263_fu_355276_p2  |     +    |      0|  0|  16|          16|          16|
    |add_ln703_264_fu_355282_p2  |     +    |      0|  0|  16|          16|          16|
    |add_ln703_265_fu_355288_p2  |     +    |      0|  0|  14|           9|          14|
    |add_ln703_266_fu_355298_p2  |     +    |      0|  0|  16|          16|          16|
    |add_ln703_267_fu_355304_p2  |     +    |      0|  0|  16|          16|          16|
    |add_ln703_268_fu_355310_p2  |     +    |      0|  0|  16|          16|          16|
    |add_ln703_269_fu_355316_p2  |     +    |      0|  0|  16|          16|          16|
    |add_ln703_26_fu_353814_p2   |     +    |      0|  0|  14|          10|          14|
    |add_ln703_270_fu_355322_p2  |     +    |      0|  0|  16|          16|          16|
    |add_ln703_271_fu_355328_p2  |     +    |      0|  0|  16|          16|          16|
    |add_ln703_272_fu_355334_p2  |     +    |      0|  0|  16|          16|          16|
    |add_ln703_273_fu_355340_p2  |     +    |      0|  0|  16|          16|          16|
    |add_ln703_274_fu_355346_p2  |     +    |      0|  0|  16|          16|          16|
    |add_ln703_275_fu_355352_p2  |     +    |      0|  0|  15|           7|          15|
    |add_ln703_276_fu_355362_p2  |     +    |      0|  0|  16|          16|          16|
    |add_ln703_277_fu_355368_p2  |     +    |      0|  0|  16|          16|          16|
    |add_ln703_278_fu_355374_p2  |     +    |      0|  0|  16|          16|          16|
    |add_ln703_279_fu_355380_p2  |     +    |      0|  0|  16|          16|          16|
    |add_ln703_27_fu_353824_p2   |     +    |      0|  0|  16|          16|          16|
    |add_ln703_280_fu_355386_p2  |     +    |      0|  0|  16|          16|          16|
    |add_ln703_281_fu_355392_p2  |     +    |      0|  0|  16|          16|          16|
    |add_ln703_282_fu_355398_p2  |     +    |      0|  0|  16|          16|          16|
    |add_ln703_283_fu_355404_p2  |     +    |      0|  0|  16|          16|          16|
    |add_ln703_284_fu_355410_p2  |     +    |      0|  0|  16|          16|          16|
    |add_ln703_285_fu_355416_p2  |     +    |      0|  0|  13|           9|          13|
    |add_ln703_286_fu_355426_p2  |     +    |      0|  0|  16|          16|          16|
    |add_ln703_287_fu_355432_p2  |     +    |      0|  0|  16|          16|          16|
    |add_ln703_288_fu_355438_p2  |     +    |      0|  0|  16|          16|          16|
    |add_ln703_289_fu_355444_p2  |     +    |      0|  0|  16|          16|          16|
    |add_ln703_28_fu_353830_p2   |     +    |      0|  0|  16|          16|          16|
    |add_ln703_290_fu_355450_p2  |     +    |      0|  0|  16|          16|          16|
    |add_ln703_291_fu_355456_p2  |     +    |      0|  0|  16|          16|          16|
    |add_ln703_292_fu_355462_p2  |     +    |      0|  0|  16|          16|          16|
    |add_ln703_293_fu_355468_p2  |     +    |      0|  0|  16|          16|          16|
    |add_ln703_294_fu_355474_p2  |     +    |      0|  0|  16|          16|          16|
    |add_ln703_295_fu_355480_p2  |     +    |      0|  0|  16|           9|          16|
    |add_ln703_296_fu_355486_p2  |     +    |      0|  0|  16|          16|          16|
    |add_ln703_297_fu_355492_p2  |     +    |      0|  0|  16|          16|          16|
    |add_ln703_298_fu_355498_p2  |     +    |      0|  0|  16|          16|          16|
    |add_ln703_299_fu_355504_p2  |     +    |      0|  0|  16|          16|          16|
    |add_ln703_29_fu_353836_p2   |     +    |      0|  0|  16|          16|          16|
    |add_ln703_2_fu_353666_p2    |     +    |      0|  0|  16|          16|          16|
    |add_ln703_300_fu_355510_p2  |     +    |      0|  0|  16|          16|          16|
    |add_ln703_301_fu_355516_p2  |     +    |      0|  0|  16|          16|          16|
    |add_ln703_302_fu_355522_p2  |     +    |      0|  0|  16|          16|          16|
    |add_ln703_303_fu_355528_p2  |     +    |      0|  0|  16|          16|          16|
    |add_ln703_304_fu_355534_p2  |     +    |      0|  0|  16|          16|          16|
    |add_ln703_305_fu_355540_p2  |     +    |      0|  0|  16|          10|          16|
    |add_ln703_306_fu_355546_p2  |     +    |      0|  0|  16|          16|          16|
    |add_ln703_307_fu_355552_p2  |     +    |      0|  0|  16|          16|          16|
    |add_ln703_308_fu_355558_p2  |     +    |      0|  0|  16|          16|          16|
    |add_ln703_309_fu_355564_p2  |     +    |      0|  0|  16|          16|          16|
    |add_ln703_30_fu_353842_p2   |     +    |      0|  0|  15|          15|          15|
    |add_ln703_310_fu_355570_p2  |     +    |      0|  0|  16|          16|          16|
    |add_ln703_311_fu_355576_p2  |     +    |      0|  0|  16|          16|          16|
    |add_ln703_312_fu_355582_p2  |     +    |      0|  0|  16|          16|          16|
    |add_ln703_313_fu_355588_p2  |     +    |      0|  0|  16|          16|          16|
    |add_ln703_314_fu_355594_p2  |     +    |      0|  0|  16|          16|          16|
    |add_ln703_315_fu_355600_p2  |     +    |      0|  0|  14|           6|          14|
    |add_ln703_316_fu_355610_p2  |     +    |      0|  0|  16|          16|          16|
    |add_ln703_317_fu_355616_p2  |     +    |      0|  0|  16|          16|          16|
    |add_ln703_318_fu_355622_p2  |     +    |      0|  0|  16|          16|          16|
    |add_ln703_31_fu_353852_p2   |     +    |      0|  0|  16|          16|          16|
    |add_ln703_32_fu_353858_p2   |     +    |      0|  0|  16|          16|          16|
    |add_ln703_33_fu_353864_p2   |     +    |      0|  0|  16|          16|          16|
    |add_ln703_34_fu_353870_p2   |     +    |      0|  0|  16|          16|          16|
    |add_ln703_35_fu_353876_p2   |     +    |      0|  0|  16|          16|          16|
    |add_ln703_36_fu_353882_p2   |     +    |      0|  0|  16|           7|          16|
    |add_ln703_37_fu_353888_p2   |     +    |      0|  0|  16|          16|          16|
    |add_ln703_38_fu_353894_p2   |     +    |      0|  0|  16|          16|          16|
    |add_ln703_39_fu_353900_p2   |     +    |      0|  0|  16|          16|          16|
    |add_ln703_3_fu_353672_p2    |     +    |      0|  0|  16|          16|          16|
    |add_ln703_40_fu_353906_p2   |     +    |      0|  0|  16|          16|          16|
    |add_ln703_41_fu_353912_p2   |     +    |      0|  0|  16|          16|          16|
    |add_ln703_42_fu_353918_p2   |     +    |      0|  0|  16|          16|          16|
    |add_ln703_43_fu_353924_p2   |     +    |      0|  0|  16|          16|          16|
    |add_ln703_44_fu_353930_p2   |     +    |      0|  0|  16|          16|          16|
    |add_ln703_45_fu_353936_p2   |     +    |      0|  0|  16|          16|          16|
    |add_ln703_46_fu_353942_p2   |     +    |      0|  0|  16|           9|          16|
    |add_ln703_47_fu_353948_p2   |     +    |      0|  0|  16|          16|          16|
    |add_ln703_48_fu_353954_p2   |     +    |      0|  0|  16|          16|          16|
    |add_ln703_49_fu_353960_p2   |     +    |      0|  0|  16|          16|          16|
    |add_ln703_4_fu_353678_p2    |     +    |      0|  0|  16|          16|          16|
    |add_ln703_50_fu_353966_p2   |     +    |      0|  0|  16|          16|          16|
    |add_ln703_51_fu_353972_p2   |     +    |      0|  0|  16|          16|          16|
    |add_ln703_52_fu_353978_p2   |     +    |      0|  0|  16|          16|          16|
    |add_ln703_53_fu_353984_p2   |     +    |      0|  0|  16|          16|          16|
    |add_ln703_54_fu_353990_p2   |     +    |      0|  0|  14|          14|          14|
    |add_ln703_55_fu_354000_p2   |     +    |      0|  0|  16|          16|          16|
    |add_ln703_56_fu_354006_p2   |     +    |      0|  0|  16|          16|          16|
    |add_ln703_57_fu_354012_p2   |     +    |      0|  0|  16|          16|          16|
    |add_ln703_58_fu_354018_p2   |     +    |      0|  0|  16|          16|          16|
    |add_ln703_59_fu_354024_p2   |     +    |      0|  0|  14|          14|          14|
    |add_ln703_5_fu_353684_p2    |     +    |      0|  0|  16|          16|          16|
    |add_ln703_60_fu_354034_p2   |     +    |      0|  0|  16|          16|          16|
    |add_ln703_61_fu_354040_p2   |     +    |      0|  0|  16|          16|          16|
    |add_ln703_62_fu_354046_p2   |     +    |      0|  0|  16|          16|          16|
    |add_ln703_63_fu_354052_p2   |     +    |      0|  0|  16|          16|          16|
    |add_ln703_64_fu_354058_p2   |     +    |      0|  0|  16|          16|          16|
    |add_ln703_65_fu_354064_p2   |     +    |      0|  0|  16|          10|          16|
    |add_ln703_66_fu_354070_p2   |     +    |      0|  0|  16|          16|          16|
    |add_ln703_67_fu_354076_p2   |     +    |      0|  0|  16|          16|          16|
    |add_ln703_68_fu_354082_p2   |     +    |      0|  0|  16|          16|          16|
    |add_ln703_69_fu_354088_p2   |     +    |      0|  0|  16|          16|          16|
    |add_ln703_6_fu_353690_p2    |     +    |      0|  0|  16|          10|          16|
    |add_ln703_70_fu_354094_p2   |     +    |      0|  0|  16|          16|          16|
    |add_ln703_71_fu_354100_p2   |     +    |      0|  0|  16|          16|          16|
    |add_ln703_72_fu_354106_p2   |     +    |      0|  0|  16|          16|          16|
    |add_ln703_73_fu_354112_p2   |     +    |      0|  0|  16|          16|          16|
    |add_ln703_74_fu_354118_p2   |     +    |      0|  0|  16|          16|          16|
    |add_ln703_75_fu_354124_p2   |     +    |      0|  0|  16|           9|          16|
    |add_ln703_76_fu_354130_p2   |     +    |      0|  0|  16|          16|          16|
    |add_ln703_77_fu_354136_p2   |     +    |      0|  0|  16|          16|          16|
    |add_ln703_78_fu_354142_p2   |     +    |      0|  0|  16|          16|          16|
    |add_ln703_79_fu_354148_p2   |     +    |      0|  0|  16|          16|          16|
    |add_ln703_7_fu_353696_p2    |     +    |      0|  0|  16|          16|          16|
    |add_ln703_80_fu_354154_p2   |     +    |      0|  0|  16|          16|          16|
    |add_ln703_81_fu_354160_p2   |     +    |      0|  0|  16|          16|          16|
    |add_ln703_82_fu_354166_p2   |     +    |      0|  0|  16|          16|          16|
    |add_ln703_83_fu_354172_p2   |     +    |      0|  0|  16|          16|          16|
    |add_ln703_84_fu_354178_p2   |     +    |      0|  0|  16|          16|          16|
    |add_ln703_85_fu_354184_p2   |     +    |      0|  0|  16|           3|          16|
    |add_ln703_86_fu_354190_p2   |     +    |      0|  0|  16|          16|          16|
    |add_ln703_87_fu_354196_p2   |     +    |      0|  0|  16|          16|          16|
    |add_ln703_88_fu_354202_p2   |     +    |      0|  0|  16|          16|          16|
    |add_ln703_89_fu_354208_p2   |     +    |      0|  0|  15|          15|          15|
    |add_ln703_8_fu_353702_p2    |     +    |      0|  0|  16|          16|          16|
    |add_ln703_90_fu_354218_p2   |     +    |      0|  0|  16|          16|          16|
    |add_ln703_91_fu_354224_p2   |     +    |      0|  0|  16|          16|          16|
    |add_ln703_92_fu_354230_p2   |     +    |      0|  0|  16|          16|          16|
    |add_ln703_93_fu_354236_p2   |     +    |      0|  0|  16|          16|          16|
    |add_ln703_94_fu_354242_p2   |     +    |      0|  0|  16|          16|          16|
    |add_ln703_95_fu_354248_p2   |     +    |      0|  0|  16|          10|          16|
    |add_ln703_96_fu_354254_p2   |     +    |      0|  0|  16|          16|          16|
    |add_ln703_97_fu_354260_p2   |     +    |      0|  0|  16|          16|          16|
    |add_ln703_98_fu_354266_p2   |     +    |      0|  0|  16|          16|          16|
    |add_ln703_99_fu_354272_p2   |     +    |      0|  0|  16|          16|          16|
    |add_ln703_9_fu_353708_p2    |     +    |      0|  0|  16|          16|          16|
    |add_ln703_fu_353654_p2      |     +    |      0|  0|  16|          16|          16|
    |sub_ln1118_10_fu_349743_p2  |     -    |      0|  0|  16|          19|          19|
    |sub_ln1118_11_fu_350214_p2  |     -    |      0|  0|  23|          23|          23|
    |sub_ln1118_12_fu_350270_p2  |     -    |      0|  0|  20|          20|          20|
    |sub_ln1118_13_fu_350645_p2  |     -    |      0|  0|  16|           1|          25|
    |sub_ln1118_14_fu_350666_p2  |     -    |      0|  0|  16|          25|          25|
    |sub_ln1118_15_fu_350720_p2  |     -    |      0|  0|  23|          23|          23|
    |sub_ln1118_16_fu_350947_p2  |     -    |      0|  0|  21|          21|          21|
    |sub_ln1118_17_fu_351032_p2  |     -    |      0|  0|  16|           1|          25|
    |sub_ln1118_18_fu_351038_p2  |     -    |      0|  0|  16|          25|          25|
    |sub_ln1118_19_fu_351231_p2  |     -    |      0|  0|  26|          26|          26|
    |sub_ln1118_1_fu_348881_p2   |     -    |      0|  0|  26|          26|          26|
    |sub_ln1118_20_fu_351330_p2  |     -    |      0|  0|  22|          22|          22|
    |sub_ln1118_21_fu_351671_p2  |     -    |      0|  0|  16|           1|          24|
    |sub_ln1118_22_fu_351677_p2  |     -    |      0|  0|  16|          24|          24|
    |sub_ln1118_23_fu_351708_p2  |     -    |      0|  0|  25|          25|          25|
    |sub_ln1118_24_fu_351759_p2  |     -    |      0|  0|  26|          26|          26|
    |sub_ln1118_25_fu_352075_p2  |     -    |      0|  0|  16|           1|          21|
    |sub_ln1118_26_fu_352096_p2  |     -    |      0|  0|  16|          21|          21|
    |sub_ln1118_27_fu_352240_p2  |     -    |      0|  0|  26|           1|          26|
    |sub_ln1118_28_fu_352382_p2  |     -    |      0|  0|  26|          26|          26|
    |sub_ln1118_29_fu_352423_p2  |     -    |      0|  0|  16|           1|          25|
    |sub_ln1118_2_fu_349005_p2   |     -    |      0|  0|  16|           1|          19|
    |sub_ln1118_30_fu_352429_p2  |     -    |      0|  0|  16|          25|          25|
    |sub_ln1118_31_fu_352493_p2  |     -    |      0|  0|  24|          24|          24|
    |sub_ln1118_32_fu_352537_p2  |     -    |      0|  0|  23|          23|          23|
    |sub_ln1118_33_fu_352661_p2  |     -    |      0|  0|  24|          24|          24|
    |sub_ln1118_34_fu_352963_p2  |     -    |      0|  0|  24|          24|          24|
    |sub_ln1118_35_fu_353181_p2  |     -    |      0|  0|  25|          25|          25|
    |sub_ln1118_36_fu_353201_p2  |     -    |      0|  0|  24|           1|          24|
    |sub_ln1118_37_fu_353373_p2  |     -    |      0|  0|  26|          26|          26|
    |sub_ln1118_38_fu_352582_p2  |     -    |      0|  0|  19|          19|          19|
    |sub_ln1118_3_fu_349011_p2   |     -    |      0|  0|  16|          19|          19|
    |sub_ln1118_4_fu_349097_p2   |     -    |      0|  0|  24|          24|          24|
    |sub_ln1118_5_fu_349162_p2   |     -    |      0|  0|  23|          23|          23|
    |sub_ln1118_6_fu_349206_p2   |     -    |      0|  0|  22|          22|          22|
    |sub_ln1118_7_fu_349490_p2   |     -    |      0|  0|  23|          23|          23|
    |sub_ln1118_8_fu_349582_p2   |     -    |      0|  0|  23|          23|          23|
    |sub_ln1118_9_fu_349737_p2   |     -    |      0|  0|  16|           1|          19|
    |sub_ln1118_fu_348776_p2     |     -    |      0|  0|  25|          25|          25|
    +----------------------------+----------+-------+---+----+------------+------------+
    |Total                       |          |    275|  0|7497|        8313|       10614|
    +----------------------------+----------+-------+---+----+------------+------------+

    * Multiplexer: 
    +--------------+----+-----------+-----+-----------+
    |     Name     | LUT| Input Size| Bits| Total Bits|
    +--------------+----+-----------+-----+-----------+
    |ap_return_0   |   9|          2|   16|         32|
    |ap_return_1   |   9|          2|   16|         32|
    |ap_return_10  |   9|          2|   16|         32|
    |ap_return_11  |   9|          2|   16|         32|
    |ap_return_12  |   9|          2|   16|         32|
    |ap_return_13  |   9|          2|   16|         32|
    |ap_return_14  |   9|          2|   16|         32|
    |ap_return_15  |   9|          2|   16|         32|
    |ap_return_16  |   9|          2|   16|         32|
    |ap_return_17  |   9|          2|   16|         32|
    |ap_return_18  |   9|          2|   16|         32|
    |ap_return_19  |   9|          2|   16|         32|
    |ap_return_2   |   9|          2|   16|         32|
    |ap_return_20  |   9|          2|   16|         32|
    |ap_return_21  |   9|          2|   16|         32|
    |ap_return_22  |   9|          2|   16|         32|
    |ap_return_23  |   9|          2|   16|         32|
    |ap_return_24  |   9|          2|   16|         32|
    |ap_return_25  |   9|          2|   16|         32|
    |ap_return_26  |   9|          2|   16|         32|
    |ap_return_27  |   9|          2|   16|         32|
    |ap_return_28  |   9|          2|   16|         32|
    |ap_return_29  |   9|          2|   16|         32|
    |ap_return_3   |   9|          2|   16|         32|
    |ap_return_30  |   9|          2|   16|         32|
    |ap_return_31  |   9|          2|   16|         32|
    |ap_return_4   |   9|          2|   16|         32|
    |ap_return_5   |   9|          2|   16|         32|
    |ap_return_6   |   9|          2|   16|         32|
    |ap_return_7   |   9|          2|   16|         32|
    |ap_return_8   |   9|          2|   16|         32|
    |ap_return_9   |   9|          2|   16|         32|
    +--------------+----+-----------+-----+-----------+
    |Total         | 288|         64|  512|       1024|
    +--------------+----+-----------+-----+-----------+

    * Register: 
    +---------------------------+----+----+-----+-----------+
    |            Name           | FF | LUT| Bits| Const Bits|
    +---------------------------+----+----+-----+-----------+
    |ap_ce_reg                  |   1|   0|    1|          0|
    |ap_return_0_int_reg        |  16|   0|   16|          0|
    |ap_return_10_int_reg       |  16|   0|   16|          0|
    |ap_return_11_int_reg       |  16|   0|   16|          0|
    |ap_return_12_int_reg       |  16|   0|   16|          0|
    |ap_return_13_int_reg       |  16|   0|   16|          0|
    |ap_return_14_int_reg       |  16|   0|   16|          0|
    |ap_return_15_int_reg       |  16|   0|   16|          0|
    |ap_return_16_int_reg       |  16|   0|   16|          0|
    |ap_return_17_int_reg       |  16|   0|   16|          0|
    |ap_return_18_int_reg       |  16|   0|   16|          0|
    |ap_return_19_int_reg       |  16|   0|   16|          0|
    |ap_return_1_int_reg        |  16|   0|   16|          0|
    |ap_return_20_int_reg       |  16|   0|   16|          0|
    |ap_return_21_int_reg       |  16|   0|   16|          0|
    |ap_return_22_int_reg       |  16|   0|   16|          0|
    |ap_return_23_int_reg       |  16|   0|   16|          0|
    |ap_return_24_int_reg       |  16|   0|   16|          0|
    |ap_return_25_int_reg       |  16|   0|   16|          0|
    |ap_return_26_int_reg       |  16|   0|   16|          0|
    |ap_return_27_int_reg       |  16|   0|   16|          0|
    |ap_return_28_int_reg       |  16|   0|   16|          0|
    |ap_return_29_int_reg       |  16|   0|   16|          0|
    |ap_return_2_int_reg        |  16|   0|   16|          0|
    |ap_return_30_int_reg       |  16|   0|   16|          0|
    |ap_return_31_int_reg       |  16|   0|   16|          0|
    |ap_return_3_int_reg        |  16|   0|   16|          0|
    |ap_return_4_int_reg        |  16|   0|   16|          0|
    |ap_return_5_int_reg        |  16|   0|   16|          0|
    |ap_return_6_int_reg        |  16|   0|   16|          0|
    |ap_return_7_int_reg        |  16|   0|   16|          0|
    |ap_return_8_int_reg        |  16|   0|   16|          0|
    |ap_return_9_int_reg        |  16|   0|   16|          0|
    |tmp_1_reg_355935           |  16|   0|   16|          0|
    |tmp_26_reg_355957          |  13|   0|   13|          0|
    |tmp_27_reg_355962          |  14|   0|   14|          0|
    |tmp_28_reg_355967          |  13|   0|   13|          0|
    |tmp_29_reg_355972          |  14|   0|   14|          0|
    |tmp_2_reg_355949           |  16|   0|   16|          0|
    |tmp_30_reg_355977          |  12|   0|   12|          0|
    |tmp_31_reg_355982          |  13|   0|   13|          0|
    |tmp_4_reg_355838           |  16|   0|   16|          0|
    |tmp_5_reg_355853           |  16|   0|   16|          0|
    |tmp_6_reg_355864           |  16|   0|   16|          0|
    |tmp_7_reg_355876           |  16|   0|   16|          0|
    |tmp_8_reg_355888           |  16|   0|   16|          0|
    |tmp_9_reg_355908           |  16|   0|   16|          0|
    |tmp_s_reg_355920           |  16|   0|   16|          0|
    |trunc_ln203_reg_355820     |  16|   0|   16|          0|
    |trunc_ln708_73_reg_355903  |  13|   0|   13|          0|
    +---------------------------+----+----+-----+-----------+
    |Total                      | 765|   0|  765|          0|
    +---------------------------+----+----+-----+-----------+



================================================================
== Interface
================================================================
* Summary: 
+--------------+-----+-----+------------+----------------------+--------------+
|   RTL Ports  | Dir | Bits|  Protocol  |     Source Object    |    C Type    |
+--------------+-----+-----+------------+----------------------+--------------+
|ap_clk        |  in |    1| ap_ctrl_hs | compute_layer.0.0.0. | return value |
|ap_rst        |  in |    1| ap_ctrl_hs | compute_layer.0.0.0. | return value |
|ap_return_0   | out |   16| ap_ctrl_hs | compute_layer.0.0.0. | return value |
|ap_return_1   | out |   16| ap_ctrl_hs | compute_layer.0.0.0. | return value |
|ap_return_2   | out |   16| ap_ctrl_hs | compute_layer.0.0.0. | return value |
|ap_return_3   | out |   16| ap_ctrl_hs | compute_layer.0.0.0. | return value |
|ap_return_4   | out |   16| ap_ctrl_hs | compute_layer.0.0.0. | return value |
|ap_return_5   | out |   16| ap_ctrl_hs | compute_layer.0.0.0. | return value |
|ap_return_6   | out |   16| ap_ctrl_hs | compute_layer.0.0.0. | return value |
|ap_return_7   | out |   16| ap_ctrl_hs | compute_layer.0.0.0. | return value |
|ap_return_8   | out |   16| ap_ctrl_hs | compute_layer.0.0.0. | return value |
|ap_return_9   | out |   16| ap_ctrl_hs | compute_layer.0.0.0. | return value |
|ap_return_10  | out |   16| ap_ctrl_hs | compute_layer.0.0.0. | return value |
|ap_return_11  | out |   16| ap_ctrl_hs | compute_layer.0.0.0. | return value |
|ap_return_12  | out |   16| ap_ctrl_hs | compute_layer.0.0.0. | return value |
|ap_return_13  | out |   16| ap_ctrl_hs | compute_layer.0.0.0. | return value |
|ap_return_14  | out |   16| ap_ctrl_hs | compute_layer.0.0.0. | return value |
|ap_return_15  | out |   16| ap_ctrl_hs | compute_layer.0.0.0. | return value |
|ap_return_16  | out |   16| ap_ctrl_hs | compute_layer.0.0.0. | return value |
|ap_return_17  | out |   16| ap_ctrl_hs | compute_layer.0.0.0. | return value |
|ap_return_18  | out |   16| ap_ctrl_hs | compute_layer.0.0.0. | return value |
|ap_return_19  | out |   16| ap_ctrl_hs | compute_layer.0.0.0. | return value |
|ap_return_20  | out |   16| ap_ctrl_hs | compute_layer.0.0.0. | return value |
|ap_return_21  | out |   16| ap_ctrl_hs | compute_layer.0.0.0. | return value |
|ap_return_22  | out |   16| ap_ctrl_hs | compute_layer.0.0.0. | return value |
|ap_return_23  | out |   16| ap_ctrl_hs | compute_layer.0.0.0. | return value |
|ap_return_24  | out |   16| ap_ctrl_hs | compute_layer.0.0.0. | return value |
|ap_return_25  | out |   16| ap_ctrl_hs | compute_layer.0.0.0. | return value |
|ap_return_26  | out |   16| ap_ctrl_hs | compute_layer.0.0.0. | return value |
|ap_return_27  | out |   16| ap_ctrl_hs | compute_layer.0.0.0. | return value |
|ap_return_28  | out |   16| ap_ctrl_hs | compute_layer.0.0.0. | return value |
|ap_return_29  | out |   16| ap_ctrl_hs | compute_layer.0.0.0. | return value |
|ap_return_30  | out |   16| ap_ctrl_hs | compute_layer.0.0.0. | return value |
|ap_return_31  | out |   16| ap_ctrl_hs | compute_layer.0.0.0. | return value |
|ap_ce         |  in |    1| ap_ctrl_hs | compute_layer.0.0.0. | return value |
|data_V_read   |  in |  160|   ap_none  |      data_V_read     |    scalar    |
+--------------+-----+-----+------------+----------------------+--------------+

