

================================================================
== Vivado HLS Report for 'compute_layer_0_0'
================================================================
* Date:           Thu Mar 26 08:54:21 2020

* Version:        2019.2 (Build 2704478 on Wed Nov 06 22:10:23 MST 2019)
* Project:        myproject_prj
* Solution:       solution1
* Product family: virtexuplus
* Target device:  xcvu9p-fsgd2104-2-i


================================================================
== Performance Estimates
================================================================
+ Timing: 
    * Summary: 
    +--------+---------+----------+------------+
    |  Clock |  Target | Estimated| Uncertainty|
    +--------+---------+----------+------------+
    |ap_clk  | 5.00 ns | 3.898 ns |   0.62 ns  |
    +--------+---------+----------+------------+

+ Latency: 
    * Summary: 
    +---------+---------+----------+----------+-----+-----+----------+
    |  Latency (cycles) |  Latency (absolute) |  Interval | Pipeline |
    |   min   |   max   |    min   |    max   | min | max |   Type   |
    +---------+---------+----------+----------+-----+-----+----------+
    |        1|        1| 5.000 ns | 5.000 ns |    1|    1| function |
    +---------+---------+----------+----------+-----+-----+----------+

    + Detail: 
        * Instance: 
        N/A

        * Loop: 
        N/A



================================================================
== Utilization Estimates
================================================================
* Summary: 
+---------------------+---------+-------+---------+---------+-----+
|         Name        | BRAM_18K| DSP48E|    FF   |   LUT   | URAM|
+---------------------+---------+-------+---------+---------+-----+
|DSP                  |        -|      -|        -|        -|    -|
|Expression           |        -|     30|        0|      711|    -|
|FIFO                 |        -|      -|        -|        -|    -|
|Instance             |        -|      -|        -|        -|    -|
|Memory               |        -|      -|        -|        -|    -|
|Multiplexer          |        -|      -|        -|        9|    -|
|Register             |        -|      -|       97|        -|    -|
+---------------------+---------+-------+---------+---------+-----+
|Total                |        0|     30|       97|      720|    0|
+---------------------+---------+-------+---------+---------+-----+
|Available SLR        |     1440|   2280|   788160|   394080|  320|
+---------------------+---------+-------+---------+---------+-----+
|Utilization SLR (%)  |        0|      1|    ~0   |    ~0   |    0|
+---------------------+---------+-------+---------+---------+-----+
|Available            |     4320|   6840|  2364480|  1182240|  960|
+---------------------+---------+-------+---------+---------+-----+
|Utilization (%)      |        0|   ~0  |    ~0   |    ~0   |    0|
+---------------------+---------+-------+---------+---------+-----+

+ Detail: 
    * Instance: 
    N/A

    * DSP48E: 
    N/A

    * Memory: 
    N/A

    * FIFO: 
    N/A

    * Expression: 
    +--------------------------+----------+-------+---+----+------------+------------+
    |       Variable Name      | Operation| DSP48E| FF| LUT| Bitwidth P0| Bitwidth P1|
    +--------------------------+----------+-------+---+----+------------+------------+
    |mul_ln1118_10_fu_396_p2   |     *    |      1|  0|   5|          16|          11|
    |mul_ln1118_11_fu_375_p2   |     *    |      1|  0|   5|          16|          12|
    |mul_ln1118_12_fu_374_p2   |     *    |      1|  0|   5|          16|          11|
    |mul_ln1118_13_fu_380_p2   |     *    |      1|  0|   5|          16|          11|
    |mul_ln1118_14_fu_393_p2   |     *    |      1|  0|   5|          16|           9|
    |mul_ln1118_15_fu_401_p2   |     *    |      1|  0|   5|          16|           9|
    |mul_ln1118_16_fu_397_p2   |     *    |      1|  0|   5|          16|          11|
    |mul_ln1118_17_fu_404_p2   |     *    |      1|  0|   5|          16|          11|
    |mul_ln1118_18_fu_382_p2   |     *    |      1|  0|   5|          16|          10|
    |mul_ln1118_19_fu_388_p2   |     *    |      1|  0|   5|          16|           9|
    |mul_ln1118_1_fu_384_p2    |     *    |      1|  0|   5|          16|          11|
    |mul_ln1118_20_fu_381_p2   |     *    |      1|  0|   5|          16|          10|
    |mul_ln1118_21_fu_392_p2   |     *    |      1|  0|   5|          16|          10|
    |mul_ln1118_22_fu_394_p2   |     *    |      1|  0|   5|          16|          10|
    |mul_ln1118_23_fu_379_p2   |     *    |      1|  0|   5|          16|          10|
    |mul_ln1118_24_fu_385_p2   |     *    |      1|  0|   5|          16|          10|
    |mul_ln1118_25_fu_400_p2   |     *    |      1|  0|   5|          16|           9|
    |mul_ln1118_26_fu_403_p2   |     *    |      1|  0|   5|          16|          10|
    |mul_ln1118_27_fu_377_p2   |     *    |      1|  0|   5|          16|          11|
    |mul_ln1118_28_fu_389_p2   |     *    |      1|  0|   5|          16|           9|
    |mul_ln1118_29_fu_395_p2   |     *    |      1|  0|   5|          16|          10|
    |mul_ln1118_2_fu_402_p2    |     *    |      1|  0|   5|          16|          11|
    |mul_ln1118_3_fu_387_p2    |     *    |      1|  0|   5|          16|           9|
    |mul_ln1118_4_fu_378_p2    |     *    |      1|  0|   5|          16|           9|
    |mul_ln1118_5_fu_391_p2    |     *    |      1|  0|   5|          16|          10|
    |mul_ln1118_6_fu_390_p2    |     *    |      1|  0|   5|          16|          11|
    |mul_ln1118_7_fu_398_p2    |     *    |      1|  0|   5|          16|          11|
    |mul_ln1118_8_fu_376_p2    |     *    |      1|  0|   5|          16|          12|
    |mul_ln1118_9_fu_383_p2    |     *    |      1|  0|   5|          16|          10|
    |mul_ln1118_fu_386_p2      |     *    |      1|  0|   5|          16|          12|
    |add_ln703_10_fu_5051_p2   |     +    |      0|  0|  16|          16|          16|
    |add_ln703_11_fu_5057_p2   |     +    |      0|  0|  16|          16|          16|
    |add_ln703_12_fu_5063_p2   |     +    |      0|  0|  16|          16|          16|
    |add_ln703_13_fu_5159_p2   |     +    |      0|  0|  16|          16|          16|
    |add_ln703_14_fu_5163_p2   |     +    |      0|  0|  16|          16|          16|
    |add_ln703_15_fu_5069_p2   |     +    |      0|  0|  16|          16|          16|
    |add_ln703_16_fu_5075_p2   |     +    |      0|  0|  16|          16|          16|
    |add_ln703_17_fu_5081_p2   |     +    |      0|  0|  16|          16|          16|
    |add_ln703_18_fu_5087_p2   |     +    |      0|  0|  16|          16|          16|
    |add_ln703_19_fu_5093_p2   |     +    |      0|  0|  16|          16|          16|
    |add_ln703_1_fu_4997_p2    |     +    |      0|  0|  16|          16|          16|
    |add_ln703_20_fu_5099_p2   |     +    |      0|  0|  16|          16|          16|
    |add_ln703_21_fu_5105_p2   |     +    |      0|  0|  16|          16|          16|
    |add_ln703_22_fu_5111_p2   |     +    |      0|  0|  16|          16|          16|
    |add_ln703_23_fu_5117_p2   |     +    |      0|  0|  16|          16|          16|
    |add_ln703_24_fu_5123_p2   |     +    |      0|  0|  16|          16|          16|
    |add_ln703_25_fu_5129_p2   |     +    |      0|  0|  16|          16|          16|
    |add_ln703_26_fu_5135_p2   |     +    |      0|  0|  16|          16|           7|
    |add_ln703_27_fu_5141_p2   |     +    |      0|  0|  16|          16|          16|
    |add_ln703_28_fu_5147_p2   |     +    |      0|  0|  16|          16|          16|
    |add_ln703_29_fu_5153_p2   |     +    |      0|  0|  16|          16|          16|
    |add_ln703_2_fu_5003_p2    |     +    |      0|  0|  16|          16|          16|
    |add_ln703_30_fu_5168_p2   |     +    |      0|  0|  16|          16|          16|
    |add_ln703_319_fu_5172_p2  |     +    |      0|  0|  16|          16|          16|
    |add_ln703_3_fu_5009_p2    |     +    |      0|  0|  16|          16|          16|
    |add_ln703_4_fu_5015_p2    |     +    |      0|  0|  16|          16|          16|
    |add_ln703_5_fu_5021_p2    |     +    |      0|  0|  16|          16|          16|
    |add_ln703_6_fu_5027_p2    |     +    |      0|  0|  16|          16|          16|
    |add_ln703_7_fu_5033_p2    |     +    |      0|  0|  16|          16|          16|
    |add_ln703_8_fu_5039_p2    |     +    |      0|  0|  16|          16|          16|
    |add_ln703_9_fu_5045_p2    |     +    |      0|  0|  16|          16|          16|
    |add_ln703_fu_4991_p2      |     +    |      0|  0|  16|          16|          16|
    |sub_ln1118_1_fu_4832_p2   |     -    |      0|  0|  24|           1|          24|
    |sub_ln1118_fu_4605_p2     |     -    |      0|  0|  25|          25|          25|
    +--------------------------+----------+-------+---+----+------------+------------+
    |Total                     |          |     30|  0| 711|        1018|         861|
    +--------------------------+----------+-------+---+----+------------+------------+

    * Multiplexer: 
    +-----------+----+-----------+-----+-----------+
    |    Name   | LUT| Input Size| Bits| Total Bits|
    +-----------+----+-----------+-----+-----------+
    |ap_return  |   9|          2|   16|         32|
    +-----------+----+-----------+-----+-----------+
    |Total      |   9|          2|   16|         32|
    +-----------+----+-----------+-----+-----------+

    * Register: 
    +-----------------------+----+----+-----+-----------+
    |          Name         | FF | LUT| Bits| Const Bits|
    +-----------------------+----+----+-----+-----------+
    |add_ln703_12_reg_5188  |  16|   0|   16|          0|
    |add_ln703_21_reg_5193  |  16|   0|   16|          0|
    |add_ln703_29_reg_5198  |  16|   0|   16|          0|
    |add_ln703_6_reg_5178   |  16|   0|   16|          0|
    |add_ln703_9_reg_5183   |  16|   0|   16|          0|
    |ap_ce_reg              |   1|   0|    1|          0|
    |ap_return_int_reg      |  16|   0|   16|          0|
    +-----------------------+----+----+-----+-----------+
    |Total                  |  97|   0|   97|          0|
    +-----------------------+----+----+-----+-----------+



================================================================
== Interface
================================================================
* Summary: 
+----------------+-----+-----+------------+-------------------+--------------+
|    RTL Ports   | Dir | Bits|  Protocol  |   Source Object   |    C Type    |
+----------------+-----+-----+------------+-------------------+--------------+
|ap_clk          |  in |    1| ap_ctrl_hs | compute_layer.0.0 | return value |
|ap_rst          |  in |    1| ap_ctrl_hs | compute_layer.0.0 | return value |
|ap_return       | out |   16| ap_ctrl_hs | compute_layer.0.0 | return value |
|ap_ce           |  in |    1| ap_ctrl_hs | compute_layer.0.0 | return value |
|data_0_V_read   |  in |   16|   ap_none  |   data_0_V_read   |    scalar    |
|data_1_V_read   |  in |   16|   ap_none  |   data_1_V_read   |    scalar    |
|data_2_V_read   |  in |   16|   ap_none  |   data_2_V_read   |    scalar    |
|data_3_V_read   |  in |   16|   ap_none  |   data_3_V_read   |    scalar    |
|data_4_V_read   |  in |   16|   ap_none  |   data_4_V_read   |    scalar    |
|data_5_V_read   |  in |   16|   ap_none  |   data_5_V_read   |    scalar    |
|data_6_V_read   |  in |   16|   ap_none  |   data_6_V_read   |    scalar    |
|data_7_V_read   |  in |   16|   ap_none  |   data_7_V_read   |    scalar    |
|data_8_V_read   |  in |   16|   ap_none  |   data_8_V_read   |    scalar    |
|data_9_V_read   |  in |   16|   ap_none  |   data_9_V_read   |    scalar    |
|data_10_V_read  |  in |   16|   ap_none  |   data_10_V_read  |    scalar    |
|data_11_V_read  |  in |   16|   ap_none  |   data_11_V_read  |    scalar    |
|data_12_V_read  |  in |   16|   ap_none  |   data_12_V_read  |    scalar    |
|data_13_V_read  |  in |   16|   ap_none  |   data_13_V_read  |    scalar    |
|data_14_V_read  |  in |   16|   ap_none  |   data_14_V_read  |    scalar    |
|data_15_V_read  |  in |   16|   ap_none  |   data_15_V_read  |    scalar    |
|data_16_V_read  |  in |   16|   ap_none  |   data_16_V_read  |    scalar    |
|data_17_V_read  |  in |   16|   ap_none  |   data_17_V_read  |    scalar    |
|data_18_V_read  |  in |   16|   ap_none  |   data_18_V_read  |    scalar    |
|data_19_V_read  |  in |   16|   ap_none  |   data_19_V_read  |    scalar    |
|data_20_V_read  |  in |   16|   ap_none  |   data_20_V_read  |    scalar    |
|data_21_V_read  |  in |   16|   ap_none  |   data_21_V_read  |    scalar    |
|data_22_V_read  |  in |   16|   ap_none  |   data_22_V_read  |    scalar    |
|data_23_V_read  |  in |   16|   ap_none  |   data_23_V_read  |    scalar    |
|data_24_V_read  |  in |   16|   ap_none  |   data_24_V_read  |    scalar    |
|data_25_V_read  |  in |   16|   ap_none  |   data_25_V_read  |    scalar    |
|data_26_V_read  |  in |   16|   ap_none  |   data_26_V_read  |    scalar    |
|data_27_V_read  |  in |   16|   ap_none  |   data_27_V_read  |    scalar    |
|data_28_V_read  |  in |   16|   ap_none  |   data_28_V_read  |    scalar    |
|data_29_V_read  |  in |   16|   ap_none  |   data_29_V_read  |    scalar    |
|data_30_V_read  |  in |   16|   ap_none  |   data_30_V_read  |    scalar    |
|data_31_V_read  |  in |   16|   ap_none  |   data_31_V_read  |    scalar    |
+----------------+-----+-----+------------+-------------------+--------------+

